{
  "children": [
    {
      "text": "\n\t\t"
    },
    {
      "target": "xml",
      "data": [
        {
          "key": "version",
          "value": "1.0"
        },
        {
          "key": "standalone",
          "value": "yes"
        }
      ]
    },
    {
      "text": "\n\t\t"
    },
    {
      "keyword": "DOCTYPE",
      "args": [
        "tutorials"
      ],
      "dtd": [
        {
          "keyword": "ELEMENT",
          "args": [
            "tutorials",
            "(tutorial)+"
          ]
        },
        {
          "keyword": "ELEMENT",
          "args": [
            "tutorial",
            "(name,url)"
          ]
        },
        {
          "keyword": "ELEMENT",
          "args": [
            "name",
            "(#PCDATA)"
          ]
        },
        {
          "keyword": "ELEMENT",
          "args": [
            "url",
            "(#PCDATA)"
          ]
        },
        {
          "keyword": "ATTLIST",
          "args": [
            "tutorials",
            "type",
            "CDATA",
            "#REQUIRED"
          ]
        }
      ]
    },
    {
      "text": "\n\t\t"
    },
    {
      "tag": "tutorials",
      "kind": "normal",
      "attributes": [
        {
          "key": "type",
          "value": "web"
        }
      ],
      "children": [
        {
          "text": "\n\t\t"
        },
        {
          "tag": "tutorial",
          "kind": "normal",
          "children": [
            {
              "text": "\n\t\t\t"
            },
            {
              "tag": "name",
              "kind": "normal",
              "children": [
                {
                  "text": "XML Tutorial"
                }
              ]
            },
            {
              "text": "\n\t\t\t"
            },
            {
              "tag": "url",
              "kind": "normal",
              "children": [
                {
                  "text": "https://www.quackit.com/xml/tutorial"
                }
              ]
            },
            {
              "text": "\n\t\t"
            }
          ]
        },
        {
          "text": "\n\t\t"
        },
        {
          "tag": "tutorial",
          "kind": "normal",
          "children": [
            {
              "text": "\n\t\t\t"
            },
            {
              "tag": "name",
              "kind": "normal",
              "children": [
                {
                  "text": "HTML Tutorial"
                }
              ]
            },
            {
              "text": "\n\t\t\t"
            },
            {
              "tag": "url",
              "kind": "normal",
              "children": [
                {
                  "text": "https://www.quackit.com/html/tutorial"
                }
              ]
            },
            {
              "text": "\n\t\t"
            }
          ]
        },
        {
          "text": "\n\t\t"
        }
      ]
    },
    {
      "text": "\n\t"
    }
  ]
}
