{
  "children": [
    {
      "comment": "comment"
    },
    {
      "comment": "comment"
    },
    {
      "keyword": "DOCTYPE",
      "args": [
        "html"
      ]
    },
    {
      "comment": "comment"
    },
    {
      "comment": "comment"
    },
    {
      "tag": "html",
      "kind": "normal",
      "children": [
        {
          "comment": "comment"
        }
      ]
    },
    {
      "comment": "comment"
    },
    {
      "comment": "comment"
    }
  ]
}
