{
  "children": [
    {
      "tag": "svg",
      "kind": "normal",
      "attributes": [
        {
          "key": "xmlns",
          "value": "http://www.w3.org/2000/svg"
        },
        {
          "key": "xmlns:xlink",
          "value": "http://www.w3.org/1999/xlink"
        }
      ],
      "children": [
        {
          "tag": "rect",
          "kind": "normal",
          "attributes": [
            {
              "key": "x",
              "value": "10"
            },
            {
              "key": "y",
              "value": "10"
            },
            {
              "key": "height",
              "value": "100"
            },
            {
              "key": "width",
              "value": "100"
            },
            {
              "key": "style",
              "value": "stroke:#ff0000; fill: #0000ff"
            }
          ]
        }
      ]
    }
  ]
}
