{
  "children": [
    {
      "tag": "div",
      "kind": "normal",
      "attributes": [
        {
          "key": "cat",
          "value": "mjau"
        },
        {
          "key": "dog",
          "value": "  woff  "
        },
        {
          "key": "ape",
          "value": "oh"
        }
      ]
    }
  ]
}
