{
  "children": [
    {
      "id": "123",
      "tag": "div",
      "kind": "normal",
      "attributes": [
        {
          "key": "id",
          "value": {
            "value": "123"
          }
        }
      ]
    },
    {
      "id": "321",
      "tag": "div",
      "kind": "normal",
      "attributes": [
        {
          "key": "id",
          "value": {
            "value": "321"
          }
        }
      ]
    }
  ]
}
