{
  "children": [
    {
      "comment": "Normal case"
    },
    {
      "tag": "div",
      "kind": "normal",
      "children": [
        {
          "text": "Text"
        }
      ]
    },
    {
      "comment": "Whitespaces in opening tag to the left"
    },
    {
      "text": "< div> Text"
    },
    {
      "comment": "Whitespaces in opening tag to the right"
    },
    {
      "tag": "div",
      "kind": "normal",
      "children": [
        {
          "text": "Text"
        }
      ]
    },
    {
      "comment": "Whitespaces in closing tag to the left (should not work)"
    },
    {
      "tag": "div",
      "kind": "normal",
      "children": [
        {
          "text": "Text < /div>"
        },
        {
          "comment": "Whitespaces in closing tag to the right"
        },
        {
          "tag": "div",
          "kind": "normal",
          "children": [
            {
              "text": "Text"
            }
          ]
        },
        {
          "comment": "Whitespaces everywhere (should not work)"
        },
        {
          "text": "< div > Text < / div >"
        }
      ]
    }
  ]
}
